Turbo Assembler	 Version 4.1	    02/10/26 12:37:38	    Page 1
1exp.asm



      1	0000			     .model tiny
      2	0000			     .code
      3				     org 100h
      4	0100  B8 B800		     Start:		     mov ax, 0b800h
      5	0103  8E C0					     mov es, ax
      6
      7	0105  BB 06B8					     mov bx, (80d*2*10+	60d*2)
      8	0108  26: C6 07	02				     mov byte ptr es: [bx], 02h
      9	010C  26: C7 47	01 0001				     mov es:[bx+1], 0001b
*Warning* 1exp.asm(9) Argument needs type override
     10	0112  26: C7 47	01 0081				     mov es:[bx+1], (0001b or 80h)
*Warning* 1exp.asm(10) Argument	needs type override
     11
     12	0118  B8 4C00					     mov ax, 4c00h
     13	011B  CD 21					     int 21h
     14				     end Start
Turbo Assembler	 Version 4.1	    02/10/26 12:37:38	    Page 2
Symbol Table




Symbol Name			  Type	 Value

??DATE				  Text	 "02/10/26"
??FILENAME			  Text	 "1exp	  "
??TIME				  Text	 "12:37:38"
??VERSION			  Number 040A
@32BIT				  Text	 0
@CODE				  Text	 DGROUP
@CODESIZE			  Text	 0
@CPU				  Text	 0101H
@CURSEG				  Text	 _TEXT
@DATA				  Text	 DGROUP
@DATASIZE			  Text	 0
@FILENAME			  Text	 1EXP
@INTERFACE			  Text	 000H
@MODEL				  Text	 1
@STACK				  Text	 DGROUP
@WORDSIZE			  Text	 2
START				  Near	 DGROUP:0100

Groups & Segments		  Bit Size Align  Combine Class

DGROUP				  Group
  _DATA				  16  0000 Word	  Public  DATA
  _TEXT				  16  011D Word	  Public  CODE
Turbo Assembler	 Version 4.1	    02/10/26 12:37:38	    Page 3
Error Summary



*Warning* 1exp.asm(9) Argument needs type override
*Warning* 1exp.asm(10) Argument	needs type override
