Turbo Assembler	 Version 4.1	    03/05/26 20:27:08	    Page 1
crackme.asm



      1	0000			     .model tiny
      2	0000			     .code
      3
      4				     locals @@
      5				     org 100h
      6
      7	      =0001		     PASSWORD_SUCCESS	     equ     1h
      8	      =0008		     PASSWORD_LENGTH	     equ     8h
      9
     10	      =000F		     MESSAGE_SUCCESS_LENGTH  equ     15d
     11	      =000E		     MESSAGE_FAIL_LENGTH     equ     14d
     12
     13	      =00AE		     MESSAGE_SUCCESS_COLOR   equ     0AEh
     14	      =00CF		     MESSAGE_FAIL_COLOR	     equ     0CFh
     15
     16	      =000D		     ENTER_ASCII_CODE	     equ     0dh
     17
     18	0100			     Start:
     19
     20	0100  EB 35 90					     jmp main
     21
     22
     23	0103  41 63 63 65 73 73	20+  messageSuccess	     db	     "Access granted!"
     24	      67 72 61 6E 74 65	64+
     25	      21
     26	0112  41 63 63 65 73 73	20+  messageFail	     db	     "Access denied."
     27	      64 65 6E 69 65 64	2E
     28
     29	0120  74 68 61 6E 6B 59	6F+  password		     db	     "thankYou"
     30	      75
     31
     32	0128  0F*(00)		     bufferData		     db	15 dup(0)
     33
     34	0137			     main:
     35	0137  FC						 cld
     36
     37	0138  E8 0018						 call getPassword
     38
     39	013B  51						 push cx
     40	013C  E8 0041						 call cmpPasswords
     41	013F  90						 nop
     42	0140  90						 nop
     43	0141  90						 nop
     44	0142  90						 nop
     45
     46	0143  83 FA 01						 cmp dx, PASSWORD_SUCCESS
     47	0146  74 03						 je grant
     48	0148  E8 01ED						 call	 printfFailMessage
     49
     50	014B  E8 01C9		     grant:			 call	 printfSuccessMessage
     51
     52	014E  B8 4C00		     endProgram:		 mov ax, 4c00h
     53	0151  CD 21						 int 21h
     54
     55
     56	0153			     getPassword		 proc
     57
Turbo Assembler	 Version 4.1	    03/05/26 20:27:08	    Page 2
crackme.asm



     58	0153  33 C9						 xor cx, cx
     59	0155  BE 0128r						 lea si, bufferData
     60
     61	0158  B4 01		     @@nextChar:		 mov ah, 01h
     62	015A  CD 21						 int 21h
     63	015C  3C 0D						 cmp al, ENTER_ASCII_CODE
     64	015E  74 06						 je @@end
     65
     66	0160  88 04						 mov [si], al
     67	0162  46						 inc si
     68	0163  41						 inc cx
     69	0164  EB F2						 jmp @@nextChar
     70
     71	0166			     @@end:
     72	0166  C3						 ret
     73	0167			     getPassword		 endp
     74				     ;----------------------------------------------------------------------------------------------
     75				     ;Gets a string from standard input	and writes it to the input buffer.
     76				     ;Entry:
     77				     ;Exit:
     78				     ;Expected:
     79				     ;Destroyed: ah, dx
     80				     ;----------------------------------------------------------------------------------------------
     81
     82
     83	0167			     getStringHash		 proc
     84
     85	0167  32 FF						 xor bh, bh
     86
     87	0169  32 ED						 xor ch, ch
     88	016B  B8 1505						 mov ax, 5381d
     89
     90	016E  8A 1C		     @@nextChar:		 mov bl, [si]
     91	0170  03 C3						 add ax, bx
     92	0172  D1 E8 D1 E8 D1 E8	D1+				 shr ax, 5h
     93	      E8 D1 E8
     94	017C  46						 inc si
     95	017D  E2 EF						 loop @@nextChar
     96
     97	017F  C3						 ret
     98	0180			     getStringHash		 endp
     99				     ;----------------------------------------------------------------------------------------------
    100				     ;Calculates string	hash.
    101				     ;Entry: si	= string start address
    102				     ;	     cl	= string length
    103				     ;Exit:  ax	= string hash
    104				     ;Expected:	clean direction	flag.
    105				     ;Destroyed: ax, bx, dx, cx
    106				     ;----------------------------------------------------------------------------------------------
    107
    108
    109	0180			     cmpPasswords		 proc
    110	0180  55						 push bp
    111	0181  8B EC						 mov bp, sp
    112	0183  83 EC 10						 sub sp, 16d
    113
    114	0186  BE 0128r						 lea si, bufferData
Turbo Assembler	 Version 4.1	    03/05/26 20:27:08	    Page 3
crackme.asm



    115	0189  8D 7E F0						 lea di, [bp-16d]
    116	018C  8B 4E 04						 mov cx, [bp+4]
    117	018F  32 ED						 xor ch, ch
    118	0191  F3> A4						 rep movsb
    119
    120	0193  8B 4E 04						 mov cx, [bp+4]
    121	0196  8D 76 F0						 lea si, [bp-16d]
    122	0199  E8 FFCB						 call getStringHash
    123
    124	019C  8B D8						 mov bx, ax
    125
    126	019E  B1 08						 mov cl, PASSWORD_LENGTH
    127	01A0  BE 0120r						 lea si, password
    128	01A3  53						 push bx
    129	01A4  E8 FFC0						 call getStringHash
    130	01A7  5B						 pop bx
    131
    132	01A8  33 D2						 xor dx, dx
    133	01AA  3B C3						 cmp ax, bx
    134	01AC  75 19						 jne @@end
    135
    136	01AE  0E						 push cs
    137	01AF  07						 pop es
    138
    139	01B0  0E						 push cs
    140	01B1  1F						 pop ds
    141
    142	01B2  BE 0120r						 lea si, password
    143	01B5  8D 7E F0						 lea di, [bp-16d]
    144
    145	01B8  32 ED						 xor ch, ch
    146	01BA  8B 4E 04						 mov cx, [bp+4]
    147	01BD  83 F9 08						 cmp cx, PASSWORD_LENGTH
    148	01C0  75 05						 jne @@end
    149
    150	01C2  F3> A6						 repe cmpsb
    151	01C4  75 01						 jne @@end
    152	01C6  42						 inc dx
    153
    154	01C7  8B E5		     @@end:			 mov sp, bp
    155	01C9  5D						 pop bp
    156	01CA  C2 0002						 ret 2
    157	01CD			     cmpPasswords		 endp
    158				     ;----------------------------------------------------------------------------------------------
    159				     ;
    160				     ;Entry:
    161				     ;Exit:
    162				     ;Expected:
    163				     ;Destroyed:
    164				     ;----------------------------------------------------------------------------------------------
    165
    166
    167	01CD			     printfFrame		 proc
    168
    169	01CD  E8 0004						 call printfFrameBackground
    170
    171	01D0  E8 0055						 call printfFrameForeground
Turbo Assembler	 Version 4.1	    03/05/26 20:27:08	    Page 4
crackme.asm



    172	01D3  C3						 ret
    173
    174	01D4			     printfFrame		 endp
    175				     ;----------------------------------------------------------------------------------------------
    176				     ;Prints a centered	frame.
    177				     ;Entry: al	= frame	color binary code
    178				     ;	     dh	= the number of	lines in the message
    179				     ;	     dl	= max length of	the string in the message
    180				     ;Exit:
    181				     ;Expected:	direction flag = 0, es contains	the address of the video memory	segment,
    182				     ;		[82h] =	frame mode.
    183				     ;Destroyed: ax, bx, cx, si, di
    184				     ;----------------------------------------------------------------------------------------------
    185
    186
    187	01D4			     printfFrameBackground	     proc
    188	01D4  50						     push ax
    189	01D5  E8 0115						     call getFrameVideoMemoryOffset
    190	01D8  58						     pop ax
    191
    192	01D9  33 DB						     xor bx, bx
    193	01DB  8A DE						     mov bl, dh
    194	01DD  80 C3 06						     add bl, 6
    195
    196	01E0  33 C9		     printfFrameStr:		     xor cx, cx
    197	01E2  8A CA						     mov cl, dl
    198	01E4  80 C1 06						     add cl, 6
    199
    200	01E7  E8 00C8						     call printfFrameBackgroundString
    201
    202	01EA  81 C7 00A0					     add di, 160d
    203
    204	01EE  50						     push ax
    205	01EF  33 C0						     xor ax, ax
    206	01F1  8A C2						     mov al, dl
    207	01F3  98						     cbw
    208	01F4  D1 E0						     shl ax, 1
    209	01F6  2B F8						     sub di, ax
    210	01F8  83 EF 0C						     sub di, 12
    211	01FB  58						     pop ax
    212
    213	01FC  FE CB						     dec bl
    214	01FE  80 FB 00						     cmp bl, 0
    215	0201  75 DD						     jne printfFrameStr
    216
    217	0203  C3						     ret
    218	0204			     printfFrameBackground	     endp
    219				     ;----------------------------------------------------------------------------------------------
    220				     ;Prints frame centered frame background depending
    221				     ;on the number of lines and their length in the message
    222				     ;Entry: dh	= the number of	lines in the message
    223				     ;	     dl	= max length of	the string in the message
    224				     ;	     al	= frame	color binary code
    225				     ;Exit:
    226				     ;Expected:
    227				     ;Destroyed: bx, di, cl
    228				     ;----------------------------------------------------------------------------------------------
Turbo Assembler	 Version 4.1	    03/05/26 20:27:08	    Page 5
crackme.asm



    229
    230
    231	0204			     printHorizontalString   proc
    232	0204  BB 0002					     mov bx, 2
    233	0207  80 FC 00					     cmp ah, 0
    234	020A  74 02					     je	@@nextElem
    235	020C  F7 DB					     neg bx
    236
    237	020E  26: 88 05		     @@nextElem:	     mov byte ptr es:[di], al
    238	0211  03 FB					     add di, bx
    239	0213  E2 F9					     loop @@nextElem
    240
    241	0215  C3					     ret
    242
    243	0216			     printHorizontalString   endp
    244				     ;----------------------------------------------------------------------------------------------
    245				     ;Prints horizontal	string
    246				     ;Entry: al	= symbol binary	code
    247				     ;	     ah	= direction flag (a = 0, di += 2; a != 0, di -=	2)
    248				     ;	     di	= video	memory offset
    249				     ;	     cx	= length of string
    250				     ;Exit:
    251				     ;Expected:	es contains the	address	of the video memory segment.
    252				     ;Destroyed: cx, bx
    253				     ;----------------------------------------------------------------------------------------------
    254
    255	0216			     printVerticalString     proc
    256	0216  BB 00A0					     mov bx, 80d*2
    257	0219  80 FC 00					     cmp ah, 0
    258	021C  74 02					     je	@@nextElem
    259	021E  F7 DB					     neg bx
    260
    261	0220  26: 88 05		     @@nextElem:	     mov byte ptr es:[di], al
    262	0223  03 FB					     add di, bx
    263	0225  E2 F9					     loop @@nextElem
    264
    265	0227  C3					     ret
    266
    267	0228			     printVerticalString     endp
    268				     ;----------------------------------------------------------------------------------------------
    269				     ;Prints vertical string
    270				     ;Entry: al	= symbol binary	code
    271				     ;	     ah	= direction flag (ah = 0, di +=	80d*2; ah != 0,	di -= 80d*2)
    272				     ;	     di	= video	memory offset
    273				     ;	     cx	= length of string
    274				     ;Exit:
    275				     ;Expected:	es contains the	address	of the video memory segment.
    276				     ;Destroyed: cx, bx
    277				     ;----------------------------------------------------------------------------------------------
    278
    279
    280	0228			     printfFrameForeground	     proc
    281
    282	0228  81 EF 0140					     sub di, 160*2
    283	022C  83 C7 02						     add di, 2
    284
    285	022F  B0 C8						     mov al, 0C8h
Turbo Assembler	 Version 4.1	    03/05/26 20:27:08	    Page 6
crackme.asm



    286	0231  26: 88 05						     mov byte ptr es:[di], al
    287
    288	0234  83 C7 02						     add di, 2
    289
    290	0237  33 C9						     xor cx, cx
    291	0239  8A CA						     mov cl, dl
    292	023B  80 C1 02						     add cl, 2
    293
    294	023E  B0 CD						     mov al, 0CDh
    295	0240  50						     push ax
    296	0241  B4 00						     mov ah, 0
    297	0243  E8 FFBE						     call printHorizontalString
    298	0246  58						     pop ax
    299
    300	0247  B0 BC						     mov al, 0BCh
    301	0249  26: 88 05						     mov byte ptr es:[di], al
    302
    303	024C  8A C6						     mov al, dh
    304	024E  04 03						     add al, 3
    305	0250  50						     push ax
    306	0251  98						     cbw
    307	0252  BB 00A0						     mov bx, 160d
    308	0255  52						     push dx
    309	0256  F7 E3						     mul bx
    310	0258  5A						     pop dx
    311	0259  2B F8						     sub di, ax
    312	025B  58						     pop ax
    313
    314	025C  B0 BB						     mov al, 0BBh
    315	025E  26: 88 05						     mov byte ptr es:[di], al
    316
    317	0261  83 EF 02						     sub di, 2
    318
    319	0264  33 C9						     xor cx, cx
    320	0266  8A CA						     mov cl, dl
    321	0268  80 C1 02						     add cl, 2
    322
    323	026B  B0 CD						     mov al, 0CDh
    324	026D  50						     push ax
    325	026E  B4 01						     mov ah, 1
    326	0270  E8 FF91						     call printHorizontalString
    327	0273  58						     pop ax
    328
    329	0274  B0 C9						     mov al, 0C9h
    330	0276  26: 88 05						     mov byte ptr es:[di], al
    331	0279  81 C7 00A0					     add di, 80d*2
    332
    333
    334	027D  8A CE						     mov cl, dh
    335	027F  80 C1 02						     add cl, 2
    336
    337	0282  B0 BA						     mov al, 0BAh
    338	0284  50						     push ax
    339	0285  B4 00						     mov ah, 0
    340	0287  E8 FF8C						     call printVerticalString
    341	028A  58						     pop ax
    342
Turbo Assembler	 Version 4.1	    03/05/26 20:27:08	    Page 7
crackme.asm



    343	028B  81 EF 00A0					     sub di, 80d*2
    344
    345	028F  50						     push ax
    346	0290  8A C2						     mov al, dl
    347	0292  04 03						     add al, 3
    348	0294  98						     cbw
    349	0295  D1 E0						     shl ax, 1
    350	0297  03 F8						     add di, ax
    351	0299  58						     pop ax
    352
    353	029A  8A CE						     mov cl, dh
    354	029C  80 C1 02						     add cl, 2
    355
    356	029F  B0 BA						     mov al, 0BAh
    357	02A1  50						     push ax
    358	02A2  B4 01						     mov ah, 1
    359	02A4  E8 FF6F						     call printVerticalString
    360	02A7  58						     pop ax
    361
    362	02A8  B0 00						     mov al, 0h
    363	02AA  81 C7 00A0					     add di, 80d*2
    364	02AE  E8 0006						     call printInternalFrame
    365
    366	02B1  C3						     ret
    367	02B2			     printfFrameForeground	     endp
    368				     ;----------------------------------------------------------------------------------------------
    369				     ;Prints centered frame foreground depending
    370				     ;on the number of lines and their length in the message
    371				     ;Entry: dh	= the number of	lines in the message
    372				     ;	     dl	= max length of	the string in the message
    373				     ;	     di	= video	memory offset of the lower right corner	of the frame
    374				     ;Exit:
    375				     ;Expected:	es contains the	address	of the video memory segment.
    376				     ;Destroyed: ax, bx, cx, si, di
    377				     ;----------------------------------------------------------------------------------------------
    378
    379
    380	02B2			     printfFrameBackgroundString	 proc
    381
    382	02B2  47		     @@printfByte:			 inc di
    383	02B3  AA							 stosb
    384	02B4  E2 FC							 loop @@printfByte
    385
    386	02B6  C3							 ret
    387	02B7			     printfFrameBackgroundString	 endp
    388				     ;----------------------------------------------------------------------------------------------
    389				     ;Prints frameBackground string a certain of color
    390				     ;Entry: di	= starting address of the string
    391				     ;	     al	= frame	color binary code
    392				     ;	     cl	= length of the	string
    393				     ;Exit:
    394				     ;Expected:	es contains the	address	of the video memory segment.
    395				     ;Destroyed: di, cl
    396				     ;----------------------------------------------------------------------------------------------
    397
    398
    399	02B7			     printInternalFrame		     proc
Turbo Assembler	 Version 4.1	    03/05/26 20:27:08	    Page 8
crackme.asm



    400
    401	02B7  83 EF 02						     sub di, 2
    402	02BA  8A CA						     mov cl, dl
    403	02BC  80 C1 02						     add cl, 2
    404	02BF  B4 01						     mov ah, 1
    405	02C1  E8 FF40						     call printHorizontalString
    406
    407	02C4  83 C7 02						     add di, 2
    408	02C7  8A CE						     mov cl, dh
    409	02C9  80 C1 02						     add cl, 2
    410	02CC  B4 00						     mov ah, 0
    411	02CE  E8 FF45						     call printVerticalString
    412
    413	02D1  81 EF 00A0					     sub di, 2*80d
    414	02D5  8A CA						     mov cl, dl
    415	02D7  80 C1 02						     add cl, 2
    416	02DA  B4 00						     mov ah, 0
    417	02DC  E8 FF25						     call printHorizontalString
    418
    419	02DF  83 EF 02						     sub di, 2
    420	02E2  8A CE						     mov cl, dh
    421	02E4  80 C1 02						     add cl, 2
    422	02E7  B4 01						     mov ah, 1
    423	02E9  E8 FF2A						     call printVerticalString
    424
    425	02EC  C3						     ret
    426	02ED			     printInternalFrame		     endp
    427				     ;----------------------------------------------------------------------------------------------
    428				     ;Prints centered internal frame foreground	depending
    429				     ;on the number of lines and their length in the message
    430				     ;Entry: al	= internal frame symbol	ascii-code
    431				     ;	     dh	= the number of	lines in the message
    432				     ;	     dl	= max length of	the string in the message
    433				     ;	     di	= video	memory offset of the upper right corner	of the frame
    434				     ;Exit:
    435				     ;Expected:	es contains the	address	of the video memory segment.
    436				     ;Destroyed: ax, cx, si, di
    437				     ;----------------------------------------------------------------------------------------------
    438
    439
    440	02ED			     getFrameVideoMemoryOffset	     proc
    441
    442	02ED  BF 0019						     mov di, 25
    443	02F0  8A C6						     mov al, dh
    444	02F2  98						     cbw
    445	02F3  2B F8						     sub di, ax
    446	02F5  D1 EF						     shr di, 1
    447	02F7  83 EF 03						     sub di, 3d
    448	02FA  B8 00A0						     mov ax, 160
    449	02FD  52						     push dx
    450	02FE  F7 E7						     mul di
    451	0300  5A						     pop dx
    452	0301  8B F8						     mov di, ax
    453
    454	0303  33 C0						     xor ax, ax
    455	0305  8A C2						     mov al, dl
    456	0307  98						     cbw
Turbo Assembler	 Version 4.1	    03/05/26 20:27:08	    Page 9
crackme.asm



    457
    458	0308  BB 0050						     mov bx, 80
    459	030B  2B D8						     sub bx, ax
    460	030D  83 EB 06						     sub bx, 6d
    461	0310  D1 EB						     shr bx, 1
    462	0312  D1 E3						     shl bx, 1
    463	0314  03 FB						     add di, bx
    464
    465	0316  C3						     ret
    466	0317			     getFrameVideoMemoryOffset	     endp
    467				     ;----------------------------------------------------------------------------------------------
    468				     ;Gets a video memory offset for frame background depending
    469				     ;on the number of lines and their length in the message
    470				     ;Entry: dh	= the number of	lines in the message
    471				     ;	     dl	= max length of	the string in the message
    472				     ;Exit:  di	= video	memory offset for frame	background
    473				     ;Expected:
    474				     ;Destroyed: ax, bx, di
    475				     ;----------------------------------------------------------------------------------------------
    476
    477
    478	0317			     printfSuccessMessage	     proc
    479
    480	0317  B8 B800						     mov ax, 0b800h
    481	031A  8E C0						     mov es, ax
    482
    483	031C  B0 AE						     mov al, MESSAGE_SUCCESS_COLOR
    484	031E  B6 01						     mov dh, 1
    485	0320  B2 0F						     mov dl, MESSAGE_SUCCESS_LENGTH
    486
    487	0322  E8 FEA8						     call printfFrame
    488
    489	0325  BF 07C0						     mov di, (12d * 80d	+ 32d) * 2
    490
    491	0328  BE 0103r						     lea si, messageSuccess
    492	032B  B9 000F						     mov cx, MESSAGE_SUCCESS_LENGTH
    493	032E  B4 AE						     mov ah, MESSAGE_SUCCESS_COLOR
    494
    495	0330			     @@print_char:
    496	0330  AC						     lodsb
    497	0331  AB						     stosw
    498	0332  E2 FC						     loop @@print_char
    499
    500	0334  E9 FE17						     jmp endProgram
    501
    502	0337  C3						     ret
    503	0338			     printfSuccessMessage	     endp
    504
    505
    506	0338			     printfFailMessage		  proc
    507
    508	0338  B8 B800						     mov ax, 0b800h
    509	033B  8E C0						     mov es, ax
    510
    511	033D  B0 CF						     mov al, MESSAGE_FAIL_COLOR
    512	033F  B6 01						     mov dh, 1
    513	0341  B2 0E						     mov dl, MESSAGE_FAIL_LENGTH
Turbo Assembler	 Version 4.1	    03/05/26 20:27:08	    Page 10
crackme.asm



    514
    515	0343  E8 FE87						     call printfFrame
    516
    517	0346  BF 07C2						     mov di, (12d * 80d	+ 33d) * 2
    518
    519	0349  BE 0112r						     lea si, messageFail
    520	034C  B9 000E						     mov cx, MESSAGE_FAIL_LENGTH
    521	034F  B4 CF						     mov ah, MESSAGE_FAIL_COLOR
    522
    523	0351			     @@print_char:
    524	0351  AC						     lodsb
    525	0352  AB						     stosw
    526	0353  E2 FC						     loop @@print_char
    527
    528	0355  E9 FDF6						     jmp endProgram
    529
    530	0358  C3						     ret
    531	0359			     printfFailMessage		     endp
    532
    533				     end	     Start
Turbo Assembler	 Version 4.1	    03/05/26 20:27:08	    Page 11
Symbol Table




Symbol Name			  Type	 Value

??DATE				  Text	 "03/05/26"
??FILENAME			  Text	 "crackme "
??TIME				  Text	 "20:27:08"
??VERSION			  Number 040A
@32BIT				  Text	 0
@@END				  Near	 DGROUP:0166
@@END				  Near	 DGROUP:01C7
@@NEXTCHAR			  Near	 DGROUP:0158
@@NEXTCHAR			  Near	 DGROUP:016E
@@NEXTELEM			  Near	 DGROUP:020E
@@NEXTELEM			  Near	 DGROUP:0220
@@PRINTFBYTE			  Near	 DGROUP:02B2
@@PRINT_CHAR			  Near	 DGROUP:0330
@@PRINT_CHAR			  Near	 DGROUP:0351
@CODE				  Text	 DGROUP
@CODESIZE			  Text	 0
@CPU				  Text	 0101H
@CURSEG				  Text	 _TEXT
@DATA				  Text	 DGROUP
@DATASIZE			  Text	 0
@FILENAME			  Text	 CRACKME
@INTERFACE			  Text	 000H
@MODEL				  Text	 1
@STACK				  Text	 DGROUP
@WORDSIZE			  Text	 2
BUFFERDATA			  Byte	 DGROUP:0128
CMPPASSWORDS			  Near	 DGROUP:0180
ENDPROGRAM			  Near	 DGROUP:014E
ENTER_ASCII_CODE		  Number 000D
GETFRAMEVIDEOMEMORYOFFSET	  Near	 DGROUP:02ED
GETPASSWORD			  Near	 DGROUP:0153
GETSTRINGHASH			  Near	 DGROUP:0167
GRANT				  Near	 DGROUP:014B
MAIN				  Near	 DGROUP:0137
MESSAGEFAIL			  Byte	 DGROUP:0112
MESSAGESUCCESS			  Byte	 DGROUP:0103
MESSAGE_FAIL_COLOR		  Number 00CF
MESSAGE_FAIL_LENGTH		  Number 000E
MESSAGE_SUCCESS_COLOR		  Number 00AE
MESSAGE_SUCCESS_LENGTH		  Number 000F
PASSWORD			  Byte	 DGROUP:0120
PASSWORD_LENGTH			  Number 0008
PASSWORD_SUCCESS		  Number 0001
PRINTFFAILMESSAGE		  Near	 DGROUP:0338
PRINTFFRAME			  Near	 DGROUP:01CD
PRINTFFRAMEBACKGROUND		  Near	 DGROUP:01D4
PRINTFFRAMEBACKGROUNDSTRING	  Near	 DGROUP:02B2
PRINTFFRAMEFOREGROUND		  Near	 DGROUP:0228
PRINTFFRAMESTR			  Near	 DGROUP:01E0
PRINTFSUCCESSMESSAGE		  Near	 DGROUP:0317
PRINTHORIZONTALSTRING		  Near	 DGROUP:0204
PRINTINTERNALFRAME		  Near	 DGROUP:02B7
PRINTVERTICALSTRING		  Near	 DGROUP:0216
START				  Near	 DGROUP:0100
Turbo Assembler	 Version 4.1	    03/05/26 20:27:08	    Page 12
Symbol Table




Groups & Segments		  Bit Size Align  Combine Class

DGROUP				  Group
  _DATA				  16  0000 Word	  Public  DATA
  _TEXT				  16  0359 Word	  Public  CODE
