Turbo Assembler	 Version 4.1	    03/11/26 22:01:57	    Page 1
crackme.asm



      1	0000			     .model tiny
      2	0000			     .code
      3
      4				     locals @@
      5				     org 100h
      6
      7	      =0001		     PASSWORD_SUCCESS		 equ	 1h
      8	      =0008		     PASSWORD_LENGTH		 equ	 8h
      9
     10	      =000F		     MESSAGE_SUCCESS_LENGTH	 equ	 15d
     11	      =000E		     MESSAGE_FAIL_LENGTH	 equ	 14d
     12
     13	      =00AE		     MESSAGE_SUCCESS_COLOR	 equ	 0AEh
     14	      =00CF		     MESSAGE_FAIL_COLOR		 equ	 0CFh
     15
     16	      =000D		     ENTER_ASCII_CODE		 equ	 0dh
     17
     18	0100			     Start:
     19
     20	0100  E9 0143						 jmp main
     21
     22	0103  50 6C 65 61 73 65	20+  requestMessage		 db	 "Please enter the password: ",	0Dh, 0Ah, '$'
     23	      65 6E 74 65 72 20	74+
     24	      68 65 20 70 61 73	73+
     25	      77 6F 72 64 3A 20	0D+
     26	      0A 24
     27	0121  41 63 63 65 73 73	20+  messageSuccess		 db	 "Access granted!"
     28	      67 72 61 6E 74 65	64+
     29	      21
     30	0130  41 63 63 65 73 73	20+  messageFail		 db	 "Access denied."
     31	      64 65 6E 69 65 64	2E
     32
     33	013E  74 68 61 6E 6B 59	6F+  password			 db	 "thankYou"
     34	      75
     35
     36	0146  0100*(00)		     bufferData			 db 256	dup(0)
     37
     38	0246			     main:
     39	0246  FC						 cld
     40
     41	0247  B4 09						 mov ah, 09h
     42	0249  BA 0103r						 mov dx, offset	requestMessage
     43	024C  CD 21						 int 21h
     44
     45	024E  E8 0014						 call getPassword
     46
     47	0251  51						 push cx
     48	0252  E8 003D						 call cmpPasswords
     49
     50	0255  83 FA 01						 cmp dx, PASSWORD_SUCCESS
     51	0258  74 03						 je grant
     52	025A  E8 0205						 call	 printfFailMessage
     53
     54	025D  E8 01E4		     grant:			 call	 printfSuccessMessage
     55
     56	0260			     endProgram:
     57	0260  B8 4C00						 mov ax, 4c00h
Turbo Assembler	 Version 4.1	    03/11/26 22:01:57	    Page 2
crackme.asm



     58	0263  CD 21						 int 21h
     59
     60
     61	0265			     getPassword		 proc
     62
     63	0265  33 C9						 xor cx, cx
     64	0267  BE 0146r						 lea si, bufferData
     65
     66	026A  B4 01		     @@nextChar:		 mov ah, 01h
     67	026C  CD 21						 int 21h
     68	026E  3C 0D						 cmp al, ENTER_ASCII_CODE
     69	0270  74 06						 je @@end
     70
     71	0272  88 04						 mov [si], al
     72	0274  46						 inc si
     73	0275  41						 inc cx
     74	0276  EB F2						 jmp @@nextChar
     75
     76	0278			     @@end:
     77	0278  C3						 ret
     78	0279			     getPassword		 endp
     79				     ;----------------------------------------------------------------------------------------------
     80				     ;Gets a string from standard input	and writes it to the input buffer.
     81				     ;Entry:
     82				     ;Exit: cx = length	of input password
     83				     ;Expected:
     84				     ;Destroyed: ax, cx, si
     85				     ;----------------------------------------------------------------------------------------------
     86
     87
     88	0279			     getStringHash		 proc
     89
     90	0279  32 FF						 xor bh, bh
     91
     92	027B  32 ED						 xor ch, ch
     93	027D  B8 1505						 mov ax, 5381d
     94
     95	0280  8A 1C		     @@nextChar:		 mov bl, [si]
     96	0282  03 C3						 add ax, bx
     97	0284  D1 E8 D1 E8 D1 E8	D1+				 shr ax, 5h
     98	      E8 D1 E8
     99	028E  46						 inc si
    100	028F  E2 EF						 loop @@nextChar
    101
    102	0291  C3						 ret
    103	0292			     getStringHash		 endp
    104				     ;----------------------------------------------------------------------------------------------
    105				     ;Calculates string	hash.
    106				     ;Entry: si	= string start address
    107				     ;	     cl	= string length
    108				     ;Exit:  ax	= string hash
    109				     ;Expected:	clean direction	flag.
    110				     ;Destroyed: ax, bx, dx, cx
    111				     ;----------------------------------------------------------------------------------------------
    112
    113
    114	0292			     cmpPasswords		 proc
Turbo Assembler	 Version 4.1	    03/11/26 22:01:57	    Page 3
crackme.asm



    115	0292  55						 push bp
    116	0293  8B EC						 mov bp, sp
    117
    118	0295  33 C0						 xor ax, ax
    119	0297  8A 46 04						 mov byte ptr al, [bp +	4]
    120	029A  04 01						 add al, 1
    121	029C  2B E0						 sub sp, ax
    122
    123	029E  BE 0146r						 lea si, bufferData
    124	02A1  8B FC						 mov di, sp
    125	02A3  8B 4E 04						 mov cx, [bp+4]
    126	02A6  F3> A4						 rep movsb
    127
    128	02A8  8B 4E 04						 mov cx, [bp+4]
    129	02AB  8B F4						 mov si, sp
    130	02AD  E8 FFC9						 call getStringHash
    131
    132	02B0  8B D8						 mov bx, ax
    133
    134	02B2  B1 08						 mov cl, PASSWORD_LENGTH
    135	02B4  BE 013Er						 lea si, password
    136	02B7  53						 push bx
    137	02B8  E8 FFBE						 call getStringHash
    138	02BB  5B						 pop bx
    139
    140	02BC  33 D2						 xor dx, dx
    141	02BE  3B C3						 cmp ax, bx
    142	02C0  75 18						 jne @@end
    143
    144	02C2  0E						 push cs
    145	02C3  07						 pop es
    146
    147	02C4  0E						 push cs
    148	02C5  1F						 pop ds
    149
    150	02C6  BE 013Er						 lea si, password
    151	02C9  8B FC						 mov di, sp
    152
    153	02CB  32 ED						 xor ch, ch
    154	02CD  8B 4E 04						 mov cx, [bp+4]
    155	02D0  83 F9 08						 cmp cx, PASSWORD_LENGTH
    156	02D3  75 05						 jne @@end
    157
    158	02D5  F3> A6						 repe cmpsb
    159	02D7  75 01						 jne @@end
    160	02D9  42						 inc dx
    161
    162	02DA  8B E5		     @@end:			 mov sp, bp
    163	02DC  5D						 pop bp
    164	02DD  C2 0002						 ret 2
    165	02E0			     cmpPasswords		 endp
    166				     ;----------------------------------------------------------------------------------------------
    167				     ;Compares correct password	with password from input.
    168				     ;Entry: [bp + 4] =	length of input	password.
    169				     ;Exit: dx = correct password flag (== 1 if	correct, else == 0)
    170				     ;Expected:	clean direction	flag.
    171				     ;Destroyed: ax, bx, cx, dx, si, di
Turbo Assembler	 Version 4.1	    03/11/26 22:01:57	    Page 4
crackme.asm



    172				     ;----------------------------------------------------------------------------------------------
    173
    174
    175	02E0			     printfFrame		 proc
    176
    177	02E0  E8 0004						 call printfFrameBackground
    178
    179	02E3  E8 0055						 call printfFrameForeground
    180	02E6  C3						 ret
    181
    182	02E7			     printfFrame		 endp
    183				     ;----------------------------------------------------------------------------------------------
    184				     ;Prints a centered	frame.
    185				     ;Entry: al	= frame	color binary code
    186				     ;	     dh	= the number of	lines in the message
    187				     ;	     dl	= max length of	the string in the message
    188				     ;Exit:
    189				     ;Expected:	direction flag = 0, es contains	the address of the video memory	segment,
    190				     ;		[82h] =	frame mode.
    191				     ;Destroyed: ax, bx, cx, si, di
    192				     ;----------------------------------------------------------------------------------------------
    193
    194
    195	02E7			     printfFrameBackground	     proc
    196	02E7  50						     push ax
    197	02E8  E8 012F						     call getFrameVideoMemoryOffset
    198	02EB  58						     pop ax
    199
    200	02EC  33 DB						     xor bx, bx
    201	02EE  8A DE						     mov bl, dh
    202	02F0  80 C3 06						     add bl, 6
    203
    204	02F3  33 C9		     printfFrameStr:		     xor cx, cx
    205	02F5  8A CA						     mov cl, dl
    206	02F7  80 C1 06						     add cl, 6
    207
    208	02FA  E8 00E2						     call printfFrameBackgroundString
    209
    210	02FD  81 C7 00A0					     add di, 160d
    211
    212	0301  50						     push ax
    213	0302  33 C0						     xor ax, ax
    214	0304  8A C2						     mov al, dl
    215	0306  98						     cbw
    216	0307  D1 E0						     shl ax, 1
    217	0309  2B F8						     sub di, ax
    218	030B  83 EF 0C						     sub di, 12
    219	030E  58						     pop ax
    220
    221	030F  FE CB						     dec bl
    222	0311  80 FB 00						     cmp bl, 0
    223	0314  75 DD						     jne printfFrameStr
    224
    225	0316  C3						     ret
    226	0317			     printfFrameBackground	     endp
    227				     ;----------------------------------------------------------------------------------------------
    228				     ;Prints frame centered frame background depending
Turbo Assembler	 Version 4.1	    03/11/26 22:01:57	    Page 5
crackme.asm



    229				     ;on the number of lines and their length in the message
    230				     ;Entry: dh	= the number of	lines in the message
    231				     ;	     dl	= max length of	the string in the message
    232				     ;	     al	= frame	color binary code
    233				     ;Exit:
    234				     ;Expected:
    235				     ;Destroyed: bx, di, cl
    236				     ;----------------------------------------------------------------------------------------------
    237
    238
    239	0317			     printHorizontalString   proc
    240	0317  BB 0002					     mov bx, 2
    241	031A  80 FC 00					     cmp ah, 0
    242	031D  74 02					     je	@@nextElem
    243	031F  F7 DB					     neg bx
    244
    245	0321  26: 88 05		     @@nextElem:	     mov byte ptr es:[di], al
    246	0324  03 FB					     add di, bx
    247	0326  E2 F9					     loop @@nextElem
    248
    249	0328  C3					     ret
    250
    251	0329			     printHorizontalString   endp
    252				     ;----------------------------------------------------------------------------------------------
    253				     ;Prints horizontal	string
    254				     ;Entry: al	= symbol binary	code
    255				     ;	     ah	= direction flag (a = 0, di += 2; a != 0, di -=	2)
    256				     ;	     di	= video	memory offset
    257				     ;	     cx	= length of string
    258				     ;Exit:
    259				     ;Expected:	es contains the	address	of the video memory segment.
    260				     ;Destroyed: cx, bx
    261				     ;----------------------------------------------------------------------------------------------
    262
    263	0329			     printVerticalString     proc
    264	0329  BB 00A0					     mov bx, 80d*2
    265	032C  80 FC 00					     cmp ah, 0
    266	032F  74 02					     je	@@nextElem
    267	0331  F7 DB					     neg bx
    268
    269	0333  26: 88 05		     @@nextElem:	     mov byte ptr es:[di], al
    270	0336  03 FB					     add di, bx
    271	0338  E2 F9					     loop @@nextElem
    272
    273	033A  C3					     ret
    274
    275	033B			     printVerticalString     endp
    276				     ;----------------------------------------------------------------------------------------------
    277				     ;Prints vertical string
    278				     ;Entry: al	= symbol binary	code
    279				     ;	     ah	= direction flag (ah = 0, di +=	80d*2; ah != 0,	di -= 80d*2)
    280				     ;	     di	= video	memory offset
    281				     ;	     cx	= length of string
    282				     ;Exit:
    283				     ;Expected:	es contains the	address	of the video memory segment.
    284				     ;Destroyed: cx, bx
    285				     ;----------------------------------------------------------------------------------------------
Turbo Assembler	 Version 4.1	    03/11/26 22:01:57	    Page 6
crackme.asm



    286
    287
    288	033B			     printfFrameForeground	     proc
    289
    290	033B  81 EF 0140					     sub di, 160*2
    291	033F  83 C7 02						     add di, 2
    292
    293	0342  B0 C8						     mov al, 0C8h
    294	0344  26: 88 05						     mov byte ptr es:[di], al
    295
    296	0347  83 C7 02						     add di, 2
    297
    298	034A  33 C9						     xor cx, cx
    299	034C  8A CA						     mov cl, dl
    300	034E  80 C1 02						     add cl, 2
    301
    302	0351  B0 CD						     mov al, 0CDh
    303	0353  50						     push ax
    304	0354  B4 00						     mov ah, 0
    305	0356  E8 FFBE						     call printHorizontalString
    306	0359  58						     pop ax
    307
    308	035A  B0 BC						     mov al, 0BCh
    309	035C  26: 88 05						     mov byte ptr es:[di], al
    310
    311	035F  8A C6						     mov al, dh
    312	0361  04 03						     add al, 3
    313	0363  50						     push ax
    314	0364  98						     cbw
    315	0365  BB 00A0						     mov bx, 160d
    316	0368  52						     push dx
    317	0369  F7 E3						     mul bx
    318	036B  5A						     pop dx
    319	036C  2B F8						     sub di, ax
    320	036E  58						     pop ax
    321
    322	036F  B0 BB						     mov al, 0BBh
    323	0371  26: 88 05						     mov byte ptr es:[di], al
    324
    325	0374  83 EF 02						     sub di, 2
    326
    327	0377  33 C9						     xor cx, cx
    328	0379  8A CA						     mov cl, dl
    329	037B  80 C1 02						     add cl, 2
    330
    331	037E  B0 CD						     mov al, 0CDh
    332	0380  50						     push ax
    333	0381  B4 01						     mov ah, 1
    334	0383  E8 FF91						     call printHorizontalString
    335	0386  58						     pop ax
    336
    337	0387  B0 C9						     mov al, 0C9h
    338	0389  26: 88 05						     mov byte ptr es:[di], al
    339	038C  81 C7 00A0					     add di, 80d*2
    340
    341
    342	0390  8A CE						     mov cl, dh
Turbo Assembler	 Version 4.1	    03/11/26 22:01:57	    Page 7
crackme.asm



    343	0392  80 C1 02						     add cl, 2
    344
    345	0395  B0 BA						     mov al, 0BAh
    346	0397  50						     push ax
    347	0398  B4 00						     mov ah, 0
    348	039A  E8 FF8C						     call printVerticalString
    349	039D  58						     pop ax
    350
    351	039E  81 EF 00A0					     sub di, 80d*2
    352
    353	03A2  50						     push ax
    354	03A3  8A C2						     mov al, dl
    355	03A5  04 03						     add al, 3
    356	03A7  98						     cbw
    357	03A8  D1 E0						     shl ax, 1
    358	03AA  03 F8						     add di, ax
    359	03AC  58						     pop ax
    360
    361	03AD  8A CE						     mov cl, dh
    362	03AF  80 C1 02						     add cl, 2
    363
    364	03B2  B0 BA						     mov al, 0BAh
    365	03B4  50						     push ax
    366	03B5  B4 01						     mov ah, 1
    367	03B7  E8 FF6F						     call printVerticalString
    368	03BA  58						     pop ax
    369
    370	03BB  B0 00						     mov al, 0h
    371	03BD  81 C7 00A0					     add di, 80d*2
    372	03C1  E8 0020						     call printInternalFrame
    373
    374	03C4  50 51 56 57 52					     push ax cx	si di dx
    375
    376	03C9  80 C6 04						     add dh, 4h
    377	03CC  80 C2 04						     add dl, 4h
    378	03CF  81 EF 00A0					     sub di, (80d*2)
    379	03D3  83 C7 06						     add di, 6h
    380	03D6  E8 000B						     call printInternalFrame
    381
    382	03D9  5A 5F 5E 59 58					     pop dx di si cx ax
    383
    384	03DE  C3						     ret
    385	03DF			     printfFrameForeground	     endp
    386				     ;----------------------------------------------------------------------------------------------
    387				     ;Prints centered frame foreground depending
    388				     ;on the number of lines and their length in the message
    389				     ;Entry: dh	= the number of	lines in the message
    390				     ;	     dl	= max length of	the string in the message
    391				     ;	     di	= video	memory offset of the lower right corner	of the frame
    392				     ;Exit:
    393				     ;Expected:	es contains the	address	of the video memory segment.
    394				     ;Destroyed: ax, bx, cx, si, di
    395				     ;----------------------------------------------------------------------------------------------
    396
    397
    398	03DF			     printfFrameBackgroundString	 proc
    399
Turbo Assembler	 Version 4.1	    03/11/26 22:01:57	    Page 8
crackme.asm



    400	03DF  47		     @@printfByte:			 inc di
    401	03E0  AA							 stosb
    402	03E1  E2 FC							 loop @@printfByte
    403
    404	03E3  C3							 ret
    405	03E4			     printfFrameBackgroundString	 endp
    406				     ;----------------------------------------------------------------------------------------------
    407				     ;Prints frameBackground string a certain of color
    408				     ;Entry: di	= starting address of the string
    409				     ;	     al	= frame	color binary code
    410				     ;	     cl	= length of the	string
    411				     ;Exit:
    412				     ;Expected:	es contains the	address	of the video memory segment.
    413				     ;Destroyed: di, cl
    414				     ;----------------------------------------------------------------------------------------------
    415
    416
    417	03E4			     printInternalFrame		     proc
    418
    419	03E4  83 EF 02						     sub di, 2
    420	03E7  8A CA						     mov cl, dl
    421	03E9  80 C1 02						     add cl, 2
    422	03EC  B4 01						     mov ah, 1
    423	03EE  E8 FF26						     call printHorizontalString
    424
    425	03F1  83 C7 02						     add di, 2
    426	03F4  8A CE						     mov cl, dh
    427	03F6  80 C1 02						     add cl, 2
    428	03F9  B4 00						     mov ah, 0
    429	03FB  E8 FF2B						     call printVerticalString
    430
    431	03FE  81 EF 00A0					     sub di, 2*80d
    432	0402  8A CA						     mov cl, dl
    433	0404  80 C1 02						     add cl, 2
    434	0407  B4 00						     mov ah, 0
    435	0409  E8 FF0B						     call printHorizontalString
    436
    437	040C  83 EF 02						     sub di, 2
    438	040F  8A CE						     mov cl, dh
    439	0411  80 C1 02						     add cl, 2
    440	0414  B4 01						     mov ah, 1
    441	0416  E8 FF10						     call printVerticalString
    442
    443	0419  C3						     ret
    444	041A			     printInternalFrame		     endp
    445				     ;----------------------------------------------------------------------------------------------
    446				     ;Prints centered internal frame foreground	depending
    447				     ;on the number of lines and their length in the message
    448				     ;Entry: al	= internal frame symbol	ascii-code
    449				     ;	     dh	= the number of	lines in the message
    450				     ;	     dl	= max length of	the string in the message
    451				     ;	     di	= video	memory offset of the upper right corner	of the frame
    452				     ;Exit:
    453				     ;Expected:	es contains the	address	of the video memory segment.
    454				     ;Destroyed: ax, cx, si, di
    455				     ;----------------------------------------------------------------------------------------------
    456
Turbo Assembler	 Version 4.1	    03/11/26 22:01:57	    Page 9
crackme.asm



    457
    458	041A			     getFrameVideoMemoryOffset	     proc
    459
    460	041A  BF 0019						     mov di, 25
    461	041D  8A C6						     mov al, dh
    462	041F  98						     cbw
    463	0420  2B F8						     sub di, ax
    464	0422  D1 EF						     shr di, 1
    465	0424  83 EF 03						     sub di, 3d
    466	0427  B8 00A0						     mov ax, 160
    467	042A  52						     push dx
    468	042B  F7 E7						     mul di
    469	042D  5A						     pop dx
    470	042E  8B F8						     mov di, ax
    471
    472	0430  33 C0						     xor ax, ax
    473	0432  8A C2						     mov al, dl
    474	0434  98						     cbw
    475
    476	0435  BB 0050						     mov bx, 80
    477	0438  2B D8						     sub bx, ax
    478	043A  83 EB 06						     sub bx, 6d
    479	043D  D1 EB						     shr bx, 1
    480	043F  D1 E3						     shl bx, 1
    481	0441  03 FB						     add di, bx
    482
    483	0443  C3						     ret
    484	0444			     getFrameVideoMemoryOffset	     endp
    485				     ;----------------------------------------------------------------------------------------------
    486				     ;Gets a video memory offset for frame background depending
    487				     ;on the number of lines and their length in the message
    488				     ;Entry: dh	= the number of	lines in the message
    489				     ;	     dl	= max length of	the string in the message
    490				     ;Exit:  di	= video	memory offset for frame	background
    491				     ;Expected:
    492				     ;Destroyed: ax, bx, di
    493				     ;----------------------------------------------------------------------------------------------
    494
    495
    496	0444			     printfSuccessMessage	     proc
    497
    498	0444  B8 B800						     mov ax, 0b800h
    499	0447  8E C0						     mov es, ax
    500
    501	0449  B0 AE						     mov al, MESSAGE_SUCCESS_COLOR
    502	044B  B6 01						     mov dh, 1
    503	044D  B2 0F						     mov dl, MESSAGE_SUCCESS_LENGTH
    504
    505	044F  E8 FE8E						     call printfFrame
    506
    507	0452  BF 07C0						     mov di, (12d * 80d	+ 32d) * 2
    508
    509	0455  BE 0121r						     lea si, messageSuccess
    510	0458  B9 000F						     mov cx, MESSAGE_SUCCESS_LENGTH
    511	045B  B4 AE						     mov ah, MESSAGE_SUCCESS_COLOR
    512
    513	045D			     @@print_char:
Turbo Assembler	 Version 4.1	    03/11/26 22:01:57	    Page 10
crackme.asm



    514	045D  AC						     lodsb
    515	045E  AB						     stosw
    516	045F  E2 FC						     loop @@print_char
    517
    518
    519	0461  C3						     ret
    520	0462			     printfSuccessMessage	     endp
    521				     ;----------------------------------------------------------------------------------------------
    522				     ;Prints message "Access granted!" in a green centered frame.
    523				     ;Entry:
    524				     ;Exit:
    525				     ;Expected:	clean direction	flag.
    526				     ;Destroyed: ax, bx, cx, dx, si, di, es
    527				     ;----------------------------------------------------------------------------------------------
    528
    529
    530	0462			     printfFailMessage		     proc
    531
    532	0462  B8 B800						     mov ax, 0b800h
    533	0465  8E C0						     mov es, ax
    534
    535	0467  B0 CF						     mov al, MESSAGE_FAIL_COLOR
    536	0469  B6 01						     mov dh, 1
    537	046B  B2 0E						     mov dl, MESSAGE_FAIL_LENGTH
    538
    539	046D  E8 FE70						     call printfFrame
    540
    541	0470  BF 07C2						     mov di, (12d * 80d	+ 33d) * 2
    542
    543	0473  BE 0130r						     lea si, messageFail
    544	0476  B9 000E						     mov cx, MESSAGE_FAIL_LENGTH
    545	0479  B4 CF						     mov ah, MESSAGE_FAIL_COLOR
    546
    547	047B			     @@print_char:
    548	047B  AC						     lodsb
    549	047C  AB						     stosw
    550	047D  E2 FC						     loop @@print_char
    551
    552	047F  E9 FDDE						     jmp endProgram
    553
    554	0482  C3						     ret
    555	0483			     printfFailMessage		     endp
    556				     ;----------------------------------------------------------------------------------------------
    557				     ;Prints message "Access denied!" in a red centered	frame.
    558				     ;Entry:
    559				     ;Exit:
    560				     ;Expected:	clean direction	flag.
    561				     ;Destroyed: ax, bx, cx, dx, si, di, es
    562				     ;----------------------------------------------------------------------------------------------
    563
    564				     end	     Start
Turbo Assembler	 Version 4.1	    03/11/26 22:01:57	    Page 11
Symbol Table




Symbol Name			  Type	 Value

??DATE				  Text	 "03/11/26"
??FILENAME			  Text	 "crackme "
??TIME				  Text	 "22:01:56"
??VERSION			  Number 040A
@32BIT				  Text	 0
@@END				  Near	 DGROUP:0278
@@END				  Near	 DGROUP:02DA
@@NEXTCHAR			  Near	 DGROUP:026A
@@NEXTCHAR			  Near	 DGROUP:0280
@@NEXTELEM			  Near	 DGROUP:0321
@@NEXTELEM			  Near	 DGROUP:0333
@@PRINTFBYTE			  Near	 DGROUP:03DF
@@PRINT_CHAR			  Near	 DGROUP:045D
@@PRINT_CHAR			  Near	 DGROUP:047B
@CODE				  Text	 DGROUP
@CODESIZE			  Text	 0
@CPU				  Text	 0101H
@CURSEG				  Text	 _TEXT
@DATA				  Text	 DGROUP
@DATASIZE			  Text	 0
@FILENAME			  Text	 CRACKME
@INTERFACE			  Text	 000H
@MODEL				  Text	 1
@STACK				  Text	 DGROUP
@WORDSIZE			  Text	 2
BUFFERDATA			  Byte	 DGROUP:0146
CMPPASSWORDS			  Near	 DGROUP:0292
ENDPROGRAM			  Near	 DGROUP:0260
ENTER_ASCII_CODE		  Number 000D
GETFRAMEVIDEOMEMORYOFFSET	  Near	 DGROUP:041A
GETPASSWORD			  Near	 DGROUP:0265
GETSTRINGHASH			  Near	 DGROUP:0279
GRANT				  Near	 DGROUP:025D
MAIN				  Near	 DGROUP:0246
MESSAGEFAIL			  Byte	 DGROUP:0130
MESSAGESUCCESS			  Byte	 DGROUP:0121
MESSAGE_FAIL_COLOR		  Number 00CF
MESSAGE_FAIL_LENGTH		  Number 000E
MESSAGE_SUCCESS_COLOR		  Number 00AE
MESSAGE_SUCCESS_LENGTH		  Number 000F
PASSWORD			  Byte	 DGROUP:013E
PASSWORD_LENGTH			  Number 0008
PASSWORD_SUCCESS		  Number 0001
PRINTFFAILMESSAGE		  Near	 DGROUP:0462
PRINTFFRAME			  Near	 DGROUP:02E0
PRINTFFRAMEBACKGROUND		  Near	 DGROUP:02E7
PRINTFFRAMEBACKGROUNDSTRING	  Near	 DGROUP:03DF
PRINTFFRAMEFOREGROUND		  Near	 DGROUP:033B
PRINTFFRAMESTR			  Near	 DGROUP:02F3
PRINTFSUCCESSMESSAGE		  Near	 DGROUP:0444
PRINTHORIZONTALSTRING		  Near	 DGROUP:0317
PRINTINTERNALFRAME		  Near	 DGROUP:03E4
PRINTVERTICALSTRING		  Near	 DGROUP:0329
REQUESTMESSAGE			  Byte	 DGROUP:0103
Turbo Assembler	 Version 4.1	    03/11/26 22:01:57	    Page 12
Symbol Table



START				  Near	 DGROUP:0100

Groups & Segments		  Bit Size Align  Combine Class

DGROUP				  Group
  _DATA				  16  0000 Word	  Public  DATA
  _TEXT				  16  0483 Word	  Public  CODE
