Turbo Assembler	 Version 4.1	    03/05/26 21:45:28	    Page 1
ubiyca.asm



      1				     .286
      2	0000			     .model tiny
      3	0000			     .code
      4				     org 100h
      5				     locals @@
      6
      7	0100			     Start:
      8
      9	0100  E8 0011				 call replace09Int
     10
     11	0103  9C				 pushf
     12	0104  0E				 push cs
     13	0105  E8 002F				 call ubiycaCoda09Int
     14
     15	0108  B8 3100				 mov ax, 3100h
     16	010B  BA 0167r				 mov dx, offset	endOfProgram
     17	010E  C1 EA 04				 shr dx, 4
     18	0111  42				 inc dx
     19	0112  CD 21				 int 21h
     20
     21
     22
     23	0114			     replace09Int		 proc
     24	0114  B8 3509						 mov ax, 3509h
     25	0117  CD 21						 int 21h
     26
     27	0119  89 1E 0158r					 mov old09ofs, bx
     28	011D  8C C3						 mov bx, es
     29	011F  89 1E 015Ar					 mov old09seg, bx
     30
     31	0123  6A 00						 push 0
     32	0125  07						 pop es
     33
     34	0126  BB 0024						 mov bx, 4*09h
     35	0129  FA						 cli
     36	012A  26: C7 07	0137r					 mov es:[bx], offset ubiycaCoda09Int
     37	012F  8C C8						 mov ax, cs
     38	0131  26: 89 47	02					 mov es:[bx+2],	ax
     39	0135  FB						 sti
     40
     41	0136  C3						 ret
     42	0137			     replace09Int		 endp
     43
     44
     45	0137			     ubiycaCoda09Int		 proc
     46	0137  55						 push bp
     47	0138  8B EC						 mov bp, sp
     48	013A  50 53 57 06					 push ax bx di es
     49
     50	013E  E4 60						 in al,	60h
     51	0140  3C 57						 cmp al, 'W'
     52	0142  74 18						 je @@modeON
     53
     54	0144  E4 61		     @@normalMode:		 in al,	61h
     55	0146  0C 80						 or al,	80h
     56	0148  E6 61						 out 61h, al
     57	014A  24 7F						 and al, not 80h
Turbo Assembler	 Version 4.1	    03/05/26 21:45:28	    Page 2
ubiyca.asm



     58	014C  E6 61						 out 61h, al
     59
     60	014E  B0 20						 mov al, 20h
     61	0150  E6 20						 out 20h, al
     62
     63	0152  07 5F 5B 58					 pop es	di bx ax
     64	0156  5D						 pop bp
     65
     66	0157  EA						 db 0eah
     67	0158  0000		     old09ofs			 dw 0
     68	015A  0000		     old09seg			 dw 0
     69
     70	015C  BE 0127		     @@modeON:			 mov si, 0127h
     71								 ;mov ax, [bp+2]
     72								 ;mov cs, ax
     73	015F  07 5F 5B 58					 pop es	di bx ax
     74	0163  5D						 pop bp
     75	0164  2E: FF 24						 jmp cs:[si]
     76
     77
     78	0167			     ubiycaCoda09Int		 endp
     79	0167			     endOfProgram:
     80				     end		       Start
Turbo Assembler	 Version 4.1	    03/05/26 21:45:28	    Page 3
Symbol Table




Symbol Name			  Type	 Value

??DATE				  Text	 "03/05/26"
??FILENAME			  Text	 "ubiyca  "
??TIME				  Text	 "21:45:28"
??VERSION			  Number 040A
@32BIT				  Text	 0
@@MODEON			  Near	 DGROUP:015C
@@NORMALMODE			  Near	 DGROUP:0144
@CODE				  Text	 DGROUP
@CODESIZE			  Text	 0
@CPU				  Text	 0707H
@CURSEG				  Text	 _TEXT
@DATA				  Text	 DGROUP
@DATASIZE			  Text	 0
@FILENAME			  Text	 UBIYCA
@INTERFACE			  Text	 000H
@MODEL				  Text	 1
@STACK				  Text	 DGROUP
@WORDSIZE			  Text	 2
ENDOFPROGRAM			  Near	 DGROUP:0167
OLD09OFS			  Word	 DGROUP:0158
OLD09SEG			  Word	 DGROUP:015A
REPLACE09INT			  Near	 DGROUP:0114
START				  Near	 DGROUP:0100
UBIYCACODA09INT			  Near	 DGROUP:0137

Groups & Segments		  Bit Size Align  Combine Class

DGROUP				  Group
  _DATA				  16  0000 Word	  Public  DATA
  _TEXT				  16  0167 Word	  Public  CODE
